MO Inverter NULL IR_Receiver.v vlg1F/_inverter.bin 1343235312
MO ThreeBitCounter NULL IR_Receiver.v vlg23/_three_bit_counter.bin 1343235312
MO IRListener NULL IR_Receiver.v vlg69/_i_r_listener.bin 1343235312
MO ShiftRegister NULL IR_Receiver.v vlg67/_shift_register.bin 1343235312
MO FlipFlop NULL IR_Receiver.v vlg1C/_flip_flop.bin 1343235312
MO IR_Receiver NULL IR_Receiver.v vlg1B/_i_r___receiver.bin 1343235312
